// Jest Snapshot v1, https://goo.gl/fbAQLP

exports[`Strategies snapshot 1`] = `"1000"`;
